numUniquePer = 2
numRealPer = 2
numImagPer = 1
numTotalPer = 3
n = 6
p = 16

--------------------------------
       Iteration 0
--------------------------------
       f(x) = 2.8141 <= 2.8284
         mu = 1
  rMag(w,0) = 0 ?< 2
--------------------------------
 f(x) = 2.8141 <= 2.8284    rMag(w,mu) = 0 ?< 2    alpha = 0.00017751
 f(x) = 2.8142 <= 2.8284    rMag(w,mu) = 3.0554 ?< 2    alpha = 0.00021923
 f(x) = 2.8142 <= 2.8284    rMag(w,mu) = 3.0548 ?< 2    alpha = 0.0002437
 f(x) = 2.8142 <= 2.8284    rMag(w,mu) = 3.054 ?< 2    alpha = 0.00027091
 f(x) = 2.8142 <= 2.8284    rMag(w,mu) = 3.0532 ?< 2    alpha = 0.00027107
 f(x) = 2.8143 <= 2.8284    rMag(w,mu) = 3.0524 ?< 2    alpha = 0.00030136
 f(x) = 2.8143 <= 2.8284    rMag(w,mu) = 3.0514 ?< 2    alpha = 0.00030155
 f(x) = 2.8143 <= 2.8284    rMag(w,mu) = 3.0505 ?< 2    alpha = 0.00030174
 f(x) = 2.8144 <= 2.8284    rMag(w,mu) = 3.0496 ?< 2    alpha = 0.00027174
 f(x) = 2.817 <= 2.8284    rMag(w,mu) = 3.0488 ?< 2    alpha = 0.025233
 f(x) = 2.8174 <= 2.8284    rMag(w,mu) = 2.9706 ?< 2    alpha = 0.0049317
 f(x) = 2.8179 <= 2.8284    rMag(w,mu) = 2.9559 ?< 2    alpha = 0.006149
 f(x) = 2.8185 <= 2.8284    rMag(w,mu) = 2.9376 ?< 2    alpha = 0.0076849
 f(x) = 2.8192 <= 2.8284    rMag(w,mu) = 2.915 ?< 2    alpha = 0.0096325
 f(x) = 2.8199 <= 2.8284    rMag(w,mu) = 2.8867 ?< 2    alpha = 0.011973
 f(x) = 2.8207 <= 2.8284    rMag(w,mu) = 2.8519 ?< 2    alpha = 0.014781
 f(x) = 2.8216 <= 2.8284    rMag(w,mu) = 2.8094 ?< 2    alpha = 0.018248
 f(x) = 2.8226 <= 2.8284    rMag(w,mu) = 2.7576 ?< 2    alpha = 0.022528
 f(x) = 2.8235 <= 2.8284    rMag(w,mu) = 2.6947 ?< 2    alpha = 0.027813
 f(x) = 2.8244 <= 2.8284    rMag(w,mu) = 2.6187 ?< 2    alpha = 0.034337
 f(x) = 2.8253 <= 2.8284    rMag(w,mu) = 2.5272 ?< 2    alpha = 0.038152
 f(x) = 2.826 <= 2.8284    rMag(w,mu) = 2.4291 ?< 2    alpha = 0.047101
 f(x) = 2.8267 <= 2.8284    rMag(w,mu) = 2.3124 ?< 2    alpha = 0.05815
 f(x) = 2.8272 <= 2.8284    rMag(w,mu) = 2.1749 ?< 2    alpha = 0.064611
 f(x) = 2.8277 <= 2.8284    rMag(w,mu) = 2.0312 ?< 2    alpha = 0.079766

--------------------------------
       Iteration 1
--------------------------------
       f(x) = 2.8277 <= 2.8284
         mu = 0.5
  rMag(w,0) = 3.0612 ?< 2
--------------------------------
 f(x) = 2.828 <= 2.8284    rMag(w,mu) = 1.8652 ?< 1    alpha = 0.16677
 f(x) = 2.8282 <= 2.8284    rMag(w,mu) = 1.3391 ?< 1    alpha = 0.16677
 f(x) = 2.8283 <= 2.8284    rMag(w,mu) = 1.1199 ?< 1    alpha = 0.16677

--------------------------------
       Iteration 2
--------------------------------
       f(x) = 2.8283 <= 2.8284
         mu = 0.25
  rMag(w,0) = 3.1058 ?< 2
--------------------------------
 f(x) = 2.8284 <= 2.8284    rMag(w,mu) = 0.93627 ?< 0.5    alpha = 0.34868
 f(x) = 2.8284 <= 2.8284    rMag(w,mu) = 1.0929 ?< 0.5    alpha = 0.28243
 f(x) = 2.8284 <= 2.8284    rMag(w,mu) = 0.78868 ?< 0.5    alpha = 0.25419
 f(x) = 2.8284 <= 2.8284    rMag(w,mu) = 0.59081 ?< 0.5    alpha = 0.22877

--------------------------------
       Iteration 3
--------------------------------
       f(x) = 2.8284 <= 2.8284
         mu = 0.125
  rMag(w,0) = 2.5806 ?< 2
--------------------------------

--------------------------------
      Final Output 
--------------------------------
    final f(x) = 2.8284 < 2.8284
    iterations = 3
          time = 0 s
